// Jest Snapshot v1, https://goo.gl/fbAQLP

exports[`Character component renders Character 1`] = `
<div
  class="Character"
>
  <div
    style={
      Object {
        "position": "relative",
      }
    }
  >
    <img
      alt="Beth Smith"
      src="/path/image"
    />
    <div
      className="banner"
    >
      <h2>
        Beth Smith
      </h2>
      <br />
      <p>
        id: 38
      </p>
    </div>
  </div>
  <ul>
    <li>
      <span
        className="left"
      >
        Status
      </span>
      <span
        className="right"
      >
        Alive
      </span>
    </li>
    <br />
    <li>
      <span
        className="left"
      >
        Species
      </span>
      <span
        className="right"
      >
        Human
      </span>
    </li>
    <br />
    <li>
      <span
        className="left"
      >
        Gender
      </span>
      <span
        className="right"
      >
        Female
      </span>
    </li>
    <br />
    <li>
      <span
        className="left"
      >
        Origin
      </span>
      <span
        className="right"
      >
        Earth (C-137)
      </span>
    </li>
    <br />
    <li>
      <span
        className="left"
      >
        Last Location
      </span>
      <span
        className="right"
      >
        Earth (C-137)
      </span>
    </li>
    <br />
  </ul>
</div>
`;
